Release 14.7 - xst P.20131013 (lin64)
Copyright (c) 1995-2013 Xilinx, Inc.  All rights reserved.
--> 
Parameter TMPDIR set to xst/projnav.tmp


Total REAL time to Xst completion: 1.00 secs
Total CPU time to Xst completion: 0.05 secs
 
--> 
Parameter xsthdpdir set to xst


Total REAL time to Xst completion: 1.00 secs
Total CPU time to Xst completion: 0.05 secs
 
--> 
Reading design: Shift.prj

TABLE OF CONTENTS
  1) Synthesis Options Summary
  2) HDL Parsing
  3) HDL Elaboration
  4) HDL Synthesis
       4.1) HDL Synthesis Report
  5) Advanced HDL Synthesis
       5.1) Advanced HDL Synthesis Report
  6) Low Level Synthesis
  7) Partition Report
  8) Design Summary
       8.1) Primitive and Black Box Usage
       8.2) Device utilization summary
       8.3) Partition Resource Summary
       8.4) Timing Report
            8.4.1) Clock Information
            8.4.2) Asynchronous Control Signals Information
            8.4.3) Timing Summary
            8.4.4) Timing Details
            8.4.5) Cross Clock Domains Report


=========================================================================
*                      Synthesis Options Summary                        *
=========================================================================
---- Source Parameters
Input File Name                    : "Shift.prj"
Ignore Synthesis Constraint File   : NO

---- Target Parameters
Output File Name                   : "Shift"
Output Format                      : NGC
Target Device                      : xc6slx16-3-csg324

---- Source Options
Top Module Name                    : Shift
Automatic FSM Extraction           : YES
FSM Encoding Algorithm             : Auto
Safe Implementation                : No
FSM Style                          : LUT
RAM Extraction                     : Yes
RAM Style                          : Auto
ROM Extraction                     : Yes
Shift Register Extraction          : YES
ROM Style                          : Auto
Resource Sharing                   : YES
Asynchronous To Synchronous        : NO
Shift Register Minimum Size        : 2
Use DSP Block                      : Auto
Automatic Register Balancing       : No

---- Target Options
LUT Combining                      : Auto
Reduce Control Sets                : Auto
Add IO Buffers                     : YES
Global Maximum Fanout              : 100000
Add Generic Clock Buffer(BUFG)     : 16
Register Duplication               : YES
Optimize Instantiated Primitives   : NO
Use Clock Enable                   : Auto
Use Synchronous Set                : Auto
Use Synchronous Reset              : Auto
Pack IO Registers into IOBs        : Auto
Equivalent register Removal        : YES

---- General Options
Optimization Goal                  : Speed
Optimization Effort                : 1
Power Reduction                    : NO
Keep Hierarchy                     : No
Netlist Hierarchy                  : As_Optimized
RTL Output                         : Yes
Global Optimization                : AllClockNets
Read Cores                         : YES
Write Timing Constraints           : NO
Cross Clock Analysis               : NO
Hierarchy Separator                : /
Bus Delimiter                      : <>
Case Specifier                     : Maintain
Slice Utilization Ratio            : 100
BRAM Utilization Ratio             : 100
DSP48 Utilization Ratio            : 100
Auto BRAM Packing                  : NO
Slice Utilization Ratio Delta      : 5

=========================================================================


=========================================================================
*                          HDL Parsing                                  *
=========================================================================
Analyzing Verilog file "/home/johnson/GitHub/CPU/ALU/SHIFT.v" into library work
Parsing module <Shift>.

=========================================================================
*                            HDL Elaboration                            *
=========================================================================

Elaborating module <Shift>.

=========================================================================
*                           HDL Synthesis                               *
=========================================================================

Synthesizing Unit <Shift>.
    Related source file is "/home/johnson/GitHub/CPU/ALU/SHIFT.v".
        FT_SHIFT_SLL = 2'b00
        FT_SHIFT_SRL = 2'b01
        FT_SHIFT_SRA = 2'b11
        ERROR_OUTPUT = 1
    Found 32-bit 4-to-1 multiplexer for signal <GND_1_o_B[15]_mux_5_OUT> created at line 33.
    Found 32-bit 4-to-1 multiplexer for signal <GND_1_o_shift_16[23]_mux_12_OUT> created at line 42.
    Found 32-bit 4-to-1 multiplexer for signal <GND_1_o_shift_8[27]_mux_19_OUT> created at line 51.
    Found 32-bit 4-to-1 multiplexer for signal <GND_1_o_shift_4[29]_mux_26_OUT> created at line 60.
    Found 32-bit 4-to-1 multiplexer for signal <GND_1_o_shift_2[30]_mux_33_OUT> created at line 69.
    Summary:
	inferred  10 Multiplexer(s).
Unit <Shift> synthesized.

=========================================================================
HDL Synthesis Report

Macro Statistics
# Multiplexers                                         : 10
 32-bit 2-to-1 multiplexer                             : 5
 32-bit 4-to-1 multiplexer                             : 5

=========================================================================

=========================================================================
*                       Advanced HDL Synthesis                          *
=========================================================================


=========================================================================
Advanced HDL Synthesis Report

Macro Statistics
# Multiplexers                                         : 10
 32-bit 2-to-1 multiplexer                             : 5
 32-bit 4-to-1 multiplexer                             : 5

=========================================================================

=========================================================================
*                         Low Level Synthesis                           *
=========================================================================

Optimizing unit <Shift> ...

Mapping all equations...
Building and optimizing final netlist ...
Found area constraint ratio of 100 (+ 5) on block Shift, actual ratio is 4.

Final Macro Processing ...

=========================================================================
Final Register Report

Found no macro
=========================================================================

=========================================================================
*                           Partition Report                            *
=========================================================================

Partition Implementation Status
-------------------------------

  No Partitions were found in this design.

-------------------------------

=========================================================================
*                            Design Summary                             *
=========================================================================

Top Level Output File Name         : Shift.ngc

Primitive and Black Box Usage:
------------------------------
# BELS                             : 282
#      LUT2                        : 7
#      LUT3                        : 29
#      LUT4                        : 27
#      LUT5                        : 82
#      LUT6                        : 125
#      MUXF7                       : 12
# IO Buffers                       : 71
#      IBUF                        : 39
#      OBUF                        : 32

Device utilization summary:
---------------------------

Selected Device : 6slx16csg324-3 


Slice Logic Utilization: 
 Number of Slice LUTs:                  270  out of   9112     2%  
    Number used as Logic:               270  out of   9112     2%  

Slice Logic Distribution: 
 Number of LUT Flip Flop pairs used:    270
   Number with an unused Flip Flop:     270  out of    270   100%  
   Number with an unused LUT:             0  out of    270     0%  
   Number of fully used LUT-FF pairs:     0  out of    270     0%  
   Number of unique control sets:         0

IO Utilization: 
 Number of IOs:                          71
 Number of bonded IOBs:                  71  out of    232    30%  

Specific Feature Utilization:

---------------------------
Partition Resource Summary:
---------------------------

  No Partitions were found in this design.

---------------------------


=========================================================================
Timing Report

NOTE: THESE TIMING NUMBERS ARE ONLY A SYNTHESIS ESTIMATE.
      FOR ACCURATE TIMING INFORMATION PLEASE REFER TO THE TRACE REPORT
      GENERATED AFTER PLACE-and-ROUTE.

Clock Information:
------------------
No clock signals found in this design

Asynchronous Control Signals Information:
----------------------------------------
No asynchronous control signals found in this design

Timing Summary:
---------------
Speed Grade: -3

   Minimum period: No path found
   Minimum input arrival time before clock: No path found
   Maximum output required time after clock: No path found
   Maximum combinational path delay: 10.508ns

Timing Details:
---------------
All values displayed in nanoseconds (ns)

=========================================================================
Timing constraint: Default path analysis
  Total number of paths / destination ports: 3595 / 32
-------------------------------------------------------------------------
Delay:               10.508ns (Levels of Logic = 7)
  Source:            A<3> (PAD)
  Destination:       S<25> (PAD)

  Data Path: A<3> to S<25>
                                Gate     Net
    Cell:in->out      fanout   Delay   Delay  Logical Name (Net Name)
    ----------------------------------------  ------------
     IBUF:I->O           132   1.222   2.306  A_3_IBUF (A_3_IBUF)
     LUT5:I0->O            3   0.203   0.651  A<3>631 (A<3>_mmx_out66)
     LUT6:I5->O            2   0.205   0.617  A<2>621 (A<2>_mmx_out65)
     LUT6:I5->O            2   0.205   0.961  Mmux_S3521 (Mmux_S3521)
     LUT6:I1->O            1   0.203   0.580  Mmux_S351 (Mmux_S35)
     LUT3:I2->O            1   0.205   0.579  Mmux_S353 (S_25_OBUF)
     OBUF:I->O                 2.571          S_25_OBUF (S<25>)
    ----------------------------------------
    Total                     10.508ns (4.814ns logic, 5.694ns route)
                                       (45.8% logic, 54.2% route)

=========================================================================

Cross Clock Domains Report:
--------------------------

=========================================================================


Total REAL time to Xst completion: 7.00 secs
Total CPU time to Xst completion: 6.41 secs
 
--> 


Total memory usage is 381896 kilobytes

Number of errors   :    0 (   0 filtered)
Number of warnings :    0 (   0 filtered)
Number of infos    :    0 (   0 filtered)

